Note that running a local entrypoint in detached mode only keeps the last triggered Modal function alive after the parent process has been killed or disconnected.
✓ Initialized. View run at 
https://modal.com/apps/heyronith/main/ap-shvgUMItcR2kg7PC7pEsdd
✓ Created objects.
├── ✓ Uploaded /Users/ronny/Desktop/Research/AI Alignment 
│   Projects_Claude/Constituition/modal_apps/phase7b_main.py
├── ✓ Uploaded pyproject.toml
├── ✓ Uploaded /Users/ronny/Desktop/Research/AI Alignment 
│   Projects_Claude/Constituition/configs
├── ✓ Uploaded /Users/ronny/Desktop/Research/AI Alignment 
│   Projects_Claude/Constituition/materials
├── ✓ Uploaded /Users/ronny/Desktop/Research/AI Alignment 
│   Projects_Claude/Constituition/src
├── ✓ Created Function code_config.
├── ✓ Created Function orchestrate_config.
├── ✓ Created Function verify_precheck.
├── ✓ Created Function download_weights.
├── ✓ Created Function generate_l4.
├── ✓ Created Function generate_l40s.
└── ✓ Created Function generate_a100.
override_job_cap_usd=15.0 for job_id=phase7b-gemma4_31b phase=7b
ORCHESTRATE config=gemma4_31b gpu=A100-80GB code_only=True 
object_id=fc-01M4ERAG670PZ4KFCQM16WM2BW
[modal-client] 2026-10-08T16:57:24-0500 Timed out waiting for final app logs.
✓ App completed. View run at 
https://modal.com/apps/heyronith/main/ap-shvgUMItcR2kg7PC7pEsdd
