Note that running a local entrypoint in detached mode only keeps the last triggered Modal function alive after the parent process has been killed or disconnected.
✓ Initialized. View run at 
https://modal.com/apps/heyronith/main/ap-keYNfLqFMpN41BUM7ZRElr
✓ Created objects.
├── ✓ Uploaded /Users/ronny/Desktop/Research/AI Alignment 
│   Projects_Claude/Constituition/modal_apps/phase7_main.py
├── ✓ Uploaded pyproject.toml
├── ✓ Uploaded /Users/ronny/Desktop/Research/AI Alignment 
│   Projects_Claude/Constituition/configs
├── ✓ Uploaded /Users/ronny/Desktop/Research/AI Alignment 
│   Projects_Claude/Constituition/materials
├── ✓ Uploaded /Users/ronny/Desktop/Research/AI Alignment 
│   Projects_Claude/Constituition/src
├── ✓ Created Function code_canary.
├── ✓ Created Function orchestrate_detach.
├── ✓ Created Function orchestrate_canary.
├── ✓ Created Function orchestrate_smoke_d59.
└── ✓ Created Function generate_config.
override_job_cap_usd=0.5 for job_id=phase7a2-canary-d60-resume phase=7a2
CANARY_D59 spawned object_id=fc-01M4CQ4FSAKZVC8X9B1HBWYCHQ run_tag=main_v1 
code_only=True
stage_api_cap_usd=3.9481 (6.0 - spent 2.0519)
launch_time_utc=2026-10-08T02:58:00Z
[modal-client] 2026-10-07T21:58:10-0500 Timed out waiting for final app logs.
✓ App completed. View run at 
https://modal.com/apps/heyronith/main/ap-keYNfLqFMpN41BUM7ZRElr
