✓ Initialized. View run at 
https://modal.com/apps/heyronith/main/ap-KNP6iMZQ7auvZNbVu2q6Nu
✓ Created objects.
├── ✓ Uploaded /Users/ronny/Desktop/Research/AI Alignment 
│   Projects_Claude/Constituition/modal_apps/phase7d_main.py
├── ✓ Uploaded results/phase7d_precheck.json
├── ✓ Uploaded /Users/ronny/Desktop/Research/AI Alignment 
│   Projects_Claude/Constituition/configs
├── ✓ Uploaded /Users/ronny/Desktop/Research/AI Alignment 
│   Projects_Claude/Constituition/materials
├── ✓ Uploaded /Users/ronny/Desktop/Research/AI Alignment 
│   Projects_Claude/Constituition/src
├── ✓ Created Function strongreject_full.
├── ✓ Created Function smoke_gpt_batch.
├── ✓ Created Function smoke_generate.
├── ✓ Created Function precheck_l4.
├── ✓ Created Function precheck_l40s.
├── ✓ Created Function precheck_a100.
├── ✓ Created Function launch_l4.
├── ✓ Created Function launch_l40s.
└── ✓ Created Function launch_a100.
strongreject preflight est_usd=2.8749 gate=True ok
[modal-client] 2026-10-09T13:21:24+0000 Received a cancellation signal while processing input ('in-01M4GBKKX66H5CNQEPX0M07SMA:1791550410662-0',)
[modal-client] 2026-10-09T13:21:24+0000 Successfully canceled input ('in-01M4GBKKX66H5CNQEPX0M07SMA:1791550410662-0',)
[modal-client] 2026-10-09T08:34:23-0500 Loop attempt for _run_app.<locals>.heartbeat failed
Traceback (most recent call last):
  File "/Users/ronny/Desktop/Research/AI Alignment Projects_Claude/Constituition/.venv/lib/python3.11/site-packages/modal/_utils/async_utils.py", line 588, in loop_coro
    await asyncio.wait_for(async_f(), timeout=timeout)
  File "/Users/ronny/.local/share/uv/python/cpython-3.11.15-macos-aarch64-none/lib/python3.11/asyncio/tasks.py", line 489, in wait_for
    return fut.result()
           ^^^^^^^^^^^^
  File "/Users/ronny/Desktop/Research/AI Alignment Projects_Claude/Constituition/.venv/lib/python3.11/site-packages/modal/runner.py", line 66, in _heartbeat
    await client._stub.AppHeartbeat(request, retry=Retry(attempt_timeout=HEARTBEAT_TIMEOUT))
modal.exception.ConflictError: App state is APP_STATE_STOPPED
[modal-client] 2026-10-09T08:34:41-0500 Loop attempt for _run_app.<locals>.heartbeat failed
Traceback (most recent call last):
  File "/Users/ronny/Desktop/Research/AI Alignment Projects_Claude/Constituition/.venv/lib/python3.11/site-packages/modal/_utils/async_utils.py", line 588, in loop_coro
    await asyncio.wait_for(async_f(), timeout=timeout)
  File "/Users/ronny/.local/share/uv/python/cpython-3.11.15-macos-aarch64-none/lib/python3.11/asyncio/tasks.py", line 489, in wait_for
    return fut.result()
           ^^^^^^^^^^^^
  File "/Users/ronny/Desktop/Research/AI Alignment Projects_Claude/Constituition/.venv/lib/python3.11/site-packages/modal/runner.py", line 66, in _heartbeat
    await client._stub.AppHeartbeat(request, retry=Retry(attempt_timeout=HEARTBEAT_TIMEOUT))
modal.exception.ConflictError: App state is APP_STATE_STOPPED
Stopping app - local client disconnected. Use `modal run --detach` to keep apps running even if your local client disconnects.
╭───────────────────── Traceback (most recent call last) ──────────────────────╮
│ /Users/ronny/Desktop/Research/AI Alignment                                   │
│ Projects_Claude/Constituition/.venv/lib/python3.11/site-packages/modal/_grpc │
│ _client.py:164 in direct                                                     │
│                                                                              │
│   163 │   │   self.wrapped_method.channel = await self.client._get_channel(s │
│ ❱ 164 │   │   return await self.client._call_unary(self.wrapped_method, req, │
│   165                                                                        │
│                                                                              │
│ /Users/ronny/Desktop/Research/AI Alignment                                   │
│ Projects_Claude/Constituition/.venv/lib/python3.11/site-packages/modal/clien │
│ t.py:533 in _call_unary                                                      │
│                                                                              │
│   532 │   │   coro = grpclib_method(request, timeout=timeout, metadata=metad │
│ ❱ 533 │   │   return await self._call_safely(coro, grpclib_method.name)      │
│   534                                                                        │
│                                                                              │
│ /Users/ronny/Desktop/Research/AI Alignment                                   │
│ Projects_Claude/Constituition/.venv/lib/python3.11/site-packages/modal/clien │
│ t.py:489 in _call_safely                                                     │
│                                                                              │
│   488 │   │   │   │   request_task.set_name(readable_method)                 │
│ ❱ 489 │   │   │   │   return await request_task                              │
│   490 │   │   │   except asyncio.CancelledError:                             │
│                                                                              │
│ /Users/ronny/Desktop/Research/AI Alignment                                   │
│ Projects_Claude/Constituition/.venv/lib/python3.11/site-packages/grpclib/cli │
│ ent.py:912 in __call__                                                       │
│                                                                              │
│ /Users/ronny/Desktop/Research/AI Alignment                                   │
│ Projects_Claude/Constituition/.venv/lib/python3.11/site-packages/grpclib/cli │
│ ent.py:242 in send_message                                                   │
│                                                                              │
│ /Users/ronny/Desktop/Research/AI Alignment                                   │
│ Projects_Claude/Constituition/.venv/lib/python3.11/site-packages/grpclib/cli │
│ ent.py:174 in send_request                                                   │
│                                                                              │
│ /Users/ronny/Desktop/Research/AI Alignment                                   │
│ Projects_Claude/Constituition/.venv/lib/python3.11/site-packages/modal/_util │
│ s/grpc_utils.py:136 in __connect__                                           │
│                                                                              │
│   135 │   │   │   raise ClientClosed(self._closed_error_message)             │
│ ❱ 136 │   │   return await super().__connect__()                             │
│   137                                                                        │
│                                                                              │
│ /Users/ronny/Desktop/Research/AI Alignment                                   │
│ Projects_Claude/Constituition/.venv/lib/python3.11/site-packages/grpclib/cli │
│ ent.py:748 in __connect__                                                    │
│                                                                              │
│ /Users/ronny/Desktop/Research/AI Alignment                                   │
│ Projects_Claude/Constituition/.venv/lib/python3.11/site-packages/modal/_util │
│ s/grpc_utils.py:146 in _create_connection                                    │
│                                                                              │
│   145 │   │   try:                                                           │
│ ❱ 146 │   │   │   protocol = await self._open_connection()                   │
│   147 │   │   except (asyncio.CancelledError, Exception) as exc:             │
│                                                                              │
│ /Users/ronny/Desktop/Research/AI Alignment                                   │
│ Projects_Claude/Constituition/.venv/lib/python3.11/site-packages/modal/_util │
│ s/grpc_utils.py:168 in _open_connection                                      │
│                                                                              │
│   167 │   │   if proxy_url is None:                                          │
│ ❱ 168 │   │   │   return await super()._create_connection()                  │
│   169                                                                        │
│                                                                              │
│ /Users/ronny/Desktop/Research/AI Alignment                                   │
│ Projects_Claude/Constituition/.venv/lib/python3.11/site-packages/grpclib/cli │
│ ent.py:725 in _create_connection                                             │
│                                                                              │
│ /Users/ronny/.local/share/uv/python/cpython-3.11.15-macos-aarch64-none/lib/p │
│ ython3.11/asyncio/base_events.py:1046 in create_connection                   │
│                                                                              │
│   1045 │   │   │                                                             │
│ ❱ 1046 │   │   │   infos = await self._ensure_resolved(                      │
│   1047 │   │   │   │   (host, port), family=family,                          │
│                                                                              │
│ /Users/ronny/.local/share/uv/python/cpython-3.11.15-macos-aarch64-none/lib/p │
│ ython3.11/asyncio/base_events.py:1420 in _ensure_resolved                    │
│                                                                              │
│   1419 │   │   else:                                                         │
│ ❱ 1420 │   │   │   return await loop.getaddrinfo(host, port, family=family,  │
│   1421 │   │   │   │   │   │   │   │   │   │     proto=proto, flags=flags)   │
│                                                                              │
│ /Users/ronny/.local/share/uv/python/cpython-3.11.15-macos-aarch64-none/lib/p │
│ ython3.11/asyncio/base_events.py:868 in getaddrinfo                          │
│                                                                              │
│    867 │   │                                                                 │
│ ❱  868 │   │   return await self.run_in_executor(                            │
│    869 │   │   │   None, getaddr_func, host, port, family, type, proto, flag │
│                                                                              │
│ /Users/ronny/.local/share/uv/python/cpython-3.11.15-macos-aarch64-none/lib/p │
│ ython3.11/concurrent/futures/thread.py:58 in run                             │
│                                                                              │
│    57 │   │   try:                                                           │
│ ❱  58 │   │   │   result = self.fn(*self.args, **self.kwargs)                │
│    59 │   │   except BaseException as exc:                                   │
│                                                                              │
│ /Users/ronny/.local/share/uv/python/cpython-3.11.15-macos-aarch64-none/lib/p │
│ ython3.11/socket.py:974 in getaddrinfo                                       │
│                                                                              │
│   973 │   addrlist = []                                                      │
│ ❱ 974 │   for res in _socket.getaddrinfo(host, port, family, type, proto, fl │
│   975 │   │   af, socktype, proto, canonname, sa = res                       │
╰──────────────────────────────────────────────────────────────────────────────╯
gaierror: [Errno 8] nodename nor servname provided, or not known

During handling of the above exception, another exception occurred:

╭───────────────────── Traceback (most recent call last) ──────────────────────╮
│ /Users/ronny/Desktop/Research/AI Alignment                                   │
│ Projects_Claude/Constituition/modal_apps/phase7d_main.py:588 in main         │
│                                                                              │
│   587 │   │   │   raise SystemExit(f"BUDGET GATE FAIL: {reason}")            │
│ ❱ 588 │   │   out = strongreject_full.remote(sha)                            │
│   589 │   │   Path("results/phase7d_strongreject.json").write_text(          │
│                                                                              │
│ /Users/ronny/Desktop/Research/AI Alignment                                   │
│ Projects_Claude/Constituition/.venv/lib/python3.11/site-packages/modal/_obje │
│ ct.py:49 in wrapped                                                          │
│                                                                              │
│    48 │   │   await self.hydrate()                                           │
│ ❱  49 │   │   return await method(self, *args, **kwargs)                     │
│    50                                                                        │
│                                                                              │
│ /Users/ronny/Desktop/Research/AI Alignment                                   │
│ Projects_Claude/Constituition/.venv/lib/python3.11/site-packages/modal/_func │
│ tions.py:2067 in remote                                                      │
│                                                                              │
│   2066 │   │                                                                 │
│ ❱ 2067 │   │   return await self._call_function(args, kwargs)                │
│   2068                                                                       │
│                                                                              │
│ /Users/ronny/Desktop/Research/AI Alignment                                   │
│ Projects_Claude/Constituition/.venv/lib/python3.11/site-packages/modal/_func │
│ tions.py:2004 in _call_function                                              │
│                                                                              │
│   2003 │   │                                                                 │
│ ❱ 2004 │   │   return await invocation.run_function()                        │
│   2005                                                                       │
│                                                                              │
│ /Users/ronny/Desktop/Research/AI Alignment                                   │
│ Projects_Claude/Constituition/.venv/lib/python3.11/site-packages/modal/_func │
│ tions.py:484 in run_function                                                 │
│                                                                              │
│    483 │   │   │   metadata = await self.client.get_input_plane_metadata(sel │
│ ❱  484 │   │   │   await_response: api_pb2.AttemptAwaitResponse = await self │
│    485 │   │   │   │   await_request,                                        │
╰──────────────────────────────────────────────────────────────────────────────╯
ConnectionError: [Errno 8] nodename nor servname provided, or not known
